DatesWithMetaAnnotation{id=123, createdAt=19-Dec-2010 11:00:00, updatedAt=04-Feb-2018 11:00:00, deletedAt=31-Mar-2018 12:00:00}
DatesWithMetaAnnotation{id=456, createdAt=28-Jan-2011 11:00:00, updatedAt=25-Jun-2017 12:00:00, deletedAt=null}
