Offender{id=123, user='THEUSER', words=[cheater, snitch]}
Offender{id=222, user='OTHERUSER', words=[camper]}
