ProfileByMultipleFieldNames{profileId=123, username='theuser', followers=0}
ProfileByMultipleFieldNames{profileId=1, username='admin', followers=0}
ProfileByMultipleFieldNames{profileId=123, username='theuser', followers=200}
ProfileByMultipleFieldNames{profileId=1, username='admin', followers=0}
