Error processing row: [yEs, 10-oct-2001]
Error details: column 'pending' (index 0) has value 'yEs'. Setting it to null

Printing beans that could be parsed

AnotherTestBean [date=10/Oct/2001, pending=null]
AnotherTestBean [date=10/Oct/2001, pending=false]
