Custom,Headers,Should,Work,Just,Fine
0,Tomonobu Itagaki,dead@live.com
1,Caine Hill,chill@company.com
2,You Sir,user@email.com
