NAME,ID
Tomonobu Itagaki,0
Caine Hill,1
You Sir,2
