ProfileWithDate{id=123, user='theuser', createdAt=30-Oct-2015 00:00:00}
ProfileWithDate{id=1, user='admin', createdAt=21-May-2001 00:00:00}
