ProfileWithDate{id=123, user='theuser', createdAt=Fri Oct 30 00:00:00 CST 2015}
ProfileWithDate{id=1, user='admin', createdAt=Mon May 21 00:00:00 CST 2001}
