Profile{id=123, user='THEUSER', createdAt=30-Oct-2015 00:00:00, fees=12.90, admin=false, type=USER, stars=143}
Profile{id=1, user='ADMIN', createdAt=21-May-2001 00:00:00, fees=0.00, admin=true, type=SYSTEM, stars=null}
